[2026-08-08T15:10:07.862Z] {"timestamp":1786201803518,"level":"DEBUG","args":["[Manus] Debug collector initialized (no rrweb, UI events only)"],"stack":null}
[2026-08-08T15:10:07.862Z] {"timestamp":1786201803845,"level":"DEBUG","args":["[vite] connected."],"stack":null}
[2026-08-08T15:10:37.535Z] {"timestamp":1786201835768,"level":"INFO","args":["%cDownload the React DevTools for a better development experience: https://react.dev/link/react-devtools","font-weight:bold"],"stack":null}
[2026-08-08T15:12:11.628Z] {"timestamp":1786201929621,"level":"DEBUG","args":["[Manus] Debug collector initialized (no rrweb, UI events only)"],"stack":null}
[2026-08-08T15:12:11.628Z] {"timestamp":1786201929637,"level":"DEBUG","args":["[vite] connected."],"stack":null}
[2026-08-08T15:12:11.628Z] {"timestamp":1786201929783,"level":"INFO","args":["%cDownload the React DevTools for a better development experience: https://react.dev/link/react-devtools","font-weight:bold"],"stack":null}
[2026-08-08T15:12:14.607Z] {"timestamp":1786201932603,"level":"DEBUG","args":["[Manus] Debug collector initialized (no rrweb, UI events only)"],"stack":null}
[2026-08-08T15:12:14.607Z] {"timestamp":1786201932610,"level":"DEBUG","args":["[vite] connected."],"stack":null}
[2026-08-08T15:12:14.607Z] {"timestamp":1786201932710,"level":"INFO","args":["%cDownload the React DevTools for a better development experience: https://react.dev/link/react-devtools","font-weight:bold"],"stack":null}
[2026-08-08T15:12:33.243Z] {"timestamp":1786201952253,"level":"DEBUG","args":["[Manus] Debug collector initialized (no rrweb, UI events only)"],"stack":null}
[2026-08-08T15:12:33.243Z] {"timestamp":1786201952255,"level":"DEBUG","args":["[vite] connected."],"stack":null}
[2026-08-08T15:12:33.243Z] {"timestamp":1786201952329,"level":"INFO","args":["%cDownload the React DevTools for a better development experience: https://react.dev/link/react-devtools","font-weight:bold"],"stack":null}
[2026-08-08T15:12:35.441Z] {"timestamp":1786201953437,"level":"DEBUG","args":["[Manus] Debug collector initialized (no rrweb, UI events only)"],"stack":null}
[2026-08-08T15:12:35.441Z] {"timestamp":1786201953439,"level":"DEBUG","args":["[vite] connected."],"stack":null}
[2026-08-08T15:12:35.441Z] {"timestamp":1786201953500,"level":"INFO","args":["%cDownload the React DevTools for a better development experience: https://react.dev/link/react-devtools","font-weight:bold"],"stack":null}
[2026-08-08T15:12:46.236Z] {"timestamp":1786201964228,"level":"DEBUG","args":["[Manus] Debug collector initialized (no rrweb, UI events only)"],"stack":null}
[2026-08-08T15:12:46.236Z] {"timestamp":1786201964238,"level":"DEBUG","args":["[vite] connected."],"stack":null}
[2026-08-08T15:12:46.236Z] {"timestamp":1786201964348,"level":"INFO","args":["%cDownload the React DevTools for a better development experience: https://react.dev/link/react-devtools","font-weight:bold"],"stack":null}
[2026-08-08T15:12:48.097Z] {"timestamp":1786201967194,"level":"DEBUG","args":["[Manus] Debug collector initialized (no rrweb, UI events only)"],"stack":null}
[2026-08-08T15:12:48.097Z] {"timestamp":1786201967203,"level":"DEBUG","args":["[vite] connected."],"stack":null}
[2026-08-08T15:12:48.097Z] {"timestamp":1786201967303,"level":"INFO","args":["%cDownload the React DevTools for a better development experience: https://react.dev/link/react-devtools","font-weight:bold"],"stack":null}
[2026-08-08T15:12:49.343Z] {"timestamp":1786201968243,"level":"DEBUG","args":["[Manus] Debug collector initialized (no rrweb, UI events only)"],"stack":null}
[2026-08-08T15:12:49.343Z] {"timestamp":1786201968247,"level":"DEBUG","args":["[vite] connected."],"stack":null}
[2026-08-08T15:12:49.343Z] {"timestamp":1786201968345,"level":"INFO","args":["%cDownload the React DevTools for a better development experience: https://react.dev/link/react-devtools","font-weight:bold"],"stack":null}
[2026-08-08T15:12:51.488Z] {"timestamp":1786201969478,"level":"DEBUG","args":["[Manus] Debug collector initialized (no rrweb, UI events only)"],"stack":null}
[2026-08-08T15:12:51.488Z] {"timestamp":1786201969485,"level":"DEBUG","args":["[vite] connected."],"stack":null}
[2026-08-08T15:12:51.488Z] {"timestamp":1786201969563,"level":"INFO","args":["%cDownload the React DevTools for a better development experience: https://react.dev/link/react-devtools","font-weight:bold"],"stack":null}
[2026-08-08T15:13:02.258Z] {"timestamp":1786201980251,"level":"DEBUG","args":["[Manus] Debug collector initialized (no rrweb, UI events only)"],"stack":null}
[2026-08-08T15:13:02.258Z] {"timestamp":1786201980255,"level":"DEBUG","args":["[vite] connected."],"stack":null}
[2026-08-08T15:13:02.258Z] {"timestamp":1786201980396,"level":"INFO","args":["%cDownload the React DevTools for a better development experience: https://react.dev/link/react-devtools","font-weight:bold"],"stack":null}
[2026-08-08T15:16:48.992Z] {"timestamp":1786202208226,"level":"DEBUG","args":["[vite]","hot updated: /src/pages/Settings.tsx"],"stack":null}
[2026-08-08T15:16:48.992Z] {"timestamp":1786202208230,"level":"DEBUG","args":["[vite]","hot updated: /src/index.css"],"stack":null}
[2026-08-08T15:29:20.257Z] {"timestamp":1786202959077,"level":"DEBUG","args":["[vite]","hot updated: /src/pages/Payments.tsx"],"stack":null}
[2026-08-08T15:29:20.257Z] {"timestamp":1786202959083,"level":"DEBUG","args":["[vite]","hot updated: /src/index.css"],"stack":null}
[2026-08-08T15:29:53.782Z] {"timestamp":1786202991767,"level":"DEBUG","args":["[Manus] Debug collector initialized (no rrweb, UI events only)"],"stack":null}
[2026-08-08T15:29:53.782Z] {"timestamp":1786202991780,"level":"DEBUG","args":["[vite] connected."],"stack":null}
[2026-08-08T15:29:53.782Z] {"timestamp":1786202991929,"level":"INFO","args":["%cDownload the React DevTools for a better development experience: https://react.dev/link/react-devtools","font-weight:bold"],"stack":null}
[2026-08-08T15:30:01.592Z] {"timestamp":1786202999573,"level":"DEBUG","args":["[Manus] Debug collector initialized (no rrweb, UI events only)"],"stack":null}
[2026-08-08T15:30:01.592Z] {"timestamp":1786202999579,"level":"DEBUG","args":["[vite] connected."],"stack":null}
[2026-08-08T15:30:01.592Z] {"timestamp":1786203000051,"level":"INFO","args":["%cDownload the React DevTools for a better development experience: https://react.dev/link/react-devtools","font-weight:bold"],"stack":null}
[2026-08-08T15:30:07.012Z] {"timestamp":1786203005000,"level":"DEBUG","args":["[Manus] Debug collector initialized (no rrweb, UI events only)"],"stack":null}
[2026-08-08T15:30:07.012Z] {"timestamp":1786203005005,"level":"DEBUG","args":["[vite] connected."],"stack":null}
[2026-08-08T15:30:07.012Z] {"timestamp":1786203005254,"level":"INFO","args":["%cDownload the React DevTools for a better development experience: https://react.dev/link/react-devtools","font-weight:bold"],"stack":null}
[2026-08-08T15:40:32.959Z] {"timestamp":1786203630939,"level":"DEBUG","args":["[Manus] Debug collector initialized (no rrweb, UI events only)"],"stack":null}
[2026-08-08T15:40:32.959Z] {"timestamp":1786203630943,"level":"DEBUG","args":["[vite] connected."],"stack":null}
[2026-08-08T15:40:32.959Z] {"timestamp":1786203631153,"level":"INFO","args":["%cDownload the React DevTools for a better development experience: https://react.dev/link/react-devtools","font-weight:bold"],"stack":null}
[2026-08-08T15:40:50.365Z] {"timestamp":1786203648350,"level":"DEBUG","args":["[Manus] Debug collector initialized (no rrweb, UI events only)"],"stack":null}
[2026-08-08T15:40:50.365Z] {"timestamp":1786203648355,"level":"DEBUG","args":["[vite] connected."],"stack":null}
[2026-08-08T15:40:50.365Z] {"timestamp":1786203648546,"level":"INFO","args":["%cDownload the React DevTools for a better development experience: https://react.dev/link/react-devtools","font-weight:bold"],"stack":null}
[2026-08-08T15:41:03.111Z] {"timestamp":1786203661088,"level":"DEBUG","args":["[Manus] Debug collector initialized (no rrweb, UI events only)"],"stack":null}
[2026-08-08T15:41:03.111Z] {"timestamp":1786203661096,"level":"DEBUG","args":["[vite] connected."],"stack":null}
[2026-08-08T15:41:03.111Z] {"timestamp":1786203661555,"level":"INFO","args":["%cDownload the React DevTools for a better development experience: https://react.dev/link/react-devtools","font-weight:bold"],"stack":null}
[2026-08-08T15:41:16.575Z] {"timestamp":1786203674564,"level":"DEBUG","args":["[Manus] Debug collector initialized (no rrweb, UI events only)"],"stack":null}
[2026-08-08T15:41:16.575Z] {"timestamp":1786203674581,"level":"DEBUG","args":["[vite] connected."],"stack":null}
[2026-08-08T15:41:16.575Z] {"timestamp":1786203675419,"level":"INFO","args":["%cDownload the React DevTools for a better development experience: https://react.dev/link/react-devtools","font-weight:bold"],"stack":null}
[2026-08-08T15:55:35.736Z] {"timestamp":1786204533722,"level":"DEBUG","args":["[Manus] Debug collector initialized (no rrweb, UI events only)"],"stack":null}
[2026-08-08T15:55:35.736Z] {"timestamp":1786204533730,"level":"DEBUG","args":["[vite] connected."],"stack":null}
[2026-08-08T15:55:35.736Z] {"timestamp":1786204534227,"level":"INFO","args":["%cDownload the React DevTools for a better development experience: https://react.dev/link/react-devtools","font-weight:bold"],"stack":null}
[2026-08-09T21:20:59.859Z] {"timestamp":1786204584279,"level":"LOG","args":["[vite] server connection lost. Polling for restart..."],"stack":null}
[2026-08-09T21:21:42.684Z] {"timestamp":1786310500656,"level":"DEBUG","args":["[Manus] Debug collector initialized (no rrweb, UI events only)"],"stack":null}
[2026-08-09T21:21:42.684Z] {"timestamp":1786310500660,"level":"DEBUG","args":["[vite] connected."],"stack":null}
[2026-08-09T21:21:44.851Z] {"timestamp":1786310504619,"level":"INFO","args":["%cDownload the React DevTools for a better development experience: https://react.dev/link/react-devtools","font-weight:bold"],"stack":null}
[2026-08-09T21:22:05.575Z] {"timestamp":1786310522811,"level":"DEBUG","args":["[Manus] Debug collector initialized (no rrweb, UI events only)"],"stack":null}
[2026-08-09T21:22:05.575Z] {"timestamp":1786310522823,"level":"DEBUG","args":["[vite] connected."],"stack":null}
[2026-08-09T21:22:12.828Z] {"timestamp":1786310530922,"level":"INFO","args":["%cDownload the React DevTools for a better development experience: https://react.dev/link/react-devtools","font-weight:bold"],"stack":null}
[2026-08-09T22:02:40.821Z] {"timestamp":1786312960540,"level":"ERROR","args":["[vite]",{"type":"Error","message":"The requested module '/src/data/defaultUsers.ts' does not provide an export named 'savePersistedUser'","stack":"SyntaxError: The requested module '/src/data/defaultUsers.ts' does not provide an export named 'savePersistedUser'"}],"stack":"Error\n    at console.<computed> [as error] (http://localhost:3001/__manus__/debug-collector.js:391:37)\n    at Object.error (http://localhost:3001/@vite/client:809:26)\n    at HMRClient.warnFailedUpdate (http://localhost:3001/@vite/client:180:78)\n    at HMRClient.fetchUpdate (http://localhost:3001/@vite/client:212:10)\n    at async Promise.all (index 0)\n    at async HMRClient.queueUpdate (http://localhost:3001/@vite/client:196:5)\n    at async Promise.all (index 0)\n    at async handleMessage (http://localhost:3001/@vite/client:838:4)"}
[2026-08-09T22:02:40.821Z] {"timestamp":1786312960658,"level":"ERROR","args":["[vite]","Failed to reload /src/pages/Payments.tsx. This could be due to syntax errors or importing non-existent modules. (see errors above)"],"stack":"Error\n    at console.<computed> [as error] (http://localhost:3001/__manus__/debug-collector.js:391:37)\n    at Object.error (http://localhost:3001/@vite/client:809:26)\n    at HMRClient.warnFailedUpdate (http://localhost:3001/@vite/client:181:15)\n    at HMRClient.fetchUpdate (http://localhost:3001/@vite/client:212:10)\n    at async Promise.all (index 0)\n    at async HMRClient.queueUpdate (http://localhost:3001/@vite/client:196:5)\n    at async Promise.all (index 0)\n    at async handleMessage (http://localhost:3001/@vite/client:838:4)"}
[2026-08-09T22:02:40.821Z] {"timestamp":1786312960675,"level":"DEBUG","args":["[vite]","hot updated: /src/pages/Payments.tsx"],"stack":null}
[2026-08-09T22:02:40.821Z] {"timestamp":1786312960676,"level":"DEBUG","args":["[vite]","hot updated: /src/index.css"],"stack":null}
[2026-08-09T22:02:48.425Z] {"timestamp":1786312966388,"level":"DEBUG","args":["[Manus] Debug collector initialized (no rrweb, UI events only)"],"stack":null}
[2026-08-09T22:02:48.425Z] {"timestamp":1786312966405,"level":"DEBUG","args":["[vite] connected."],"stack":null}
[2026-08-09T22:02:48.425Z] {"timestamp":1786312967220,"level":"ERROR","args":[{"type":"UncaughtError","message":"Uncaught SyntaxError: The requested module '/src/data/defaultUsers.ts' does not provide an export named 'savePersistedUser'","filename":"http://localhost:3001/src/pages/Payments.tsx?t=1786312956291","lineno":14,"colno":32,"stack":"SyntaxError: The requested module '/src/data/defaultUsers.ts' does not provide an export named 'savePersistedUser'"}],"stack":"SyntaxError: The requested module '/src/data/defaultUsers.ts' does not provide an export named 'savePersistedUser'"}
[2026-08-09T22:05:29.809Z] {"timestamp":1786313127790,"level":"DEBUG","args":["[Manus] Debug collector initialized (no rrweb, UI events only)"],"stack":null}
[2026-08-09T22:05:29.809Z] {"timestamp":1786313127799,"level":"DEBUG","args":["[vite] connected."],"stack":null}
[2026-08-09T22:05:29.809Z] {"timestamp":1786313128465,"level":"INFO","args":["%cDownload the React DevTools for a better development experience: https://react.dev/link/react-devtools","font-weight:bold"],"stack":null}
[2026-08-09T22:05:47.551Z] {"timestamp":1786313145532,"level":"DEBUG","args":["[Manus] Debug collector initialized (no rrweb, UI events only)"],"stack":null}
[2026-08-09T22:05:47.551Z] {"timestamp":1786313145543,"level":"DEBUG","args":["[vite] connected."],"stack":null}
[2026-08-09T22:05:47.551Z] {"timestamp":1786313145735,"level":"INFO","args":["%cDownload the React DevTools for a better development experience: https://react.dev/link/react-devtools","font-weight:bold"],"stack":null}
[2026-08-09T22:10:11.545Z] {"timestamp":1786313409535,"level":"DEBUG","args":["[Manus] Debug collector initialized (no rrweb, UI events only)"],"stack":null}
[2026-08-09T22:10:11.545Z] {"timestamp":1786313409551,"level":"DEBUG","args":["[vite] connected."],"stack":null}
[2026-08-09T22:10:11.545Z] {"timestamp":1786313410605,"level":"INFO","args":["%cDownload the React DevTools for a better development experience: https://react.dev/link/react-devtools","font-weight:bold"],"stack":null}
[2026-08-09T22:16:45.546Z] {"timestamp":1786313803580,"level":"DEBUG","args":["[vite]","hot updated: /src/pages/Payments.tsx"],"stack":null}
[2026-08-09T22:16:45.546Z] {"timestamp":1786313803581,"level":"DEBUG","args":["[vite]","hot updated: /src/index.css"],"stack":null}
[2026-08-09T22:24:52.266Z] {"timestamp":1786314253462,"level":"LOG","args":["[vite] server connection lost. Polling for restart..."],"stack":null}
[2026-08-09T22:25:02.009Z] {"timestamp":1786314293023,"level":"DEBUG","args":["[Manus] Debug collector initialized (no rrweb, UI events only)"],"stack":null}
[2026-08-09T22:25:02.009Z] {"timestamp":1786314293073,"level":"DEBUG","args":["[vite] connected."],"stack":null}
[2026-08-09T22:27:03.304Z] {"timestamp":1786314420609,"level":"INFO","args":["%cDownload the React DevTools for a better development experience: https://react.dev/link/react-devtools","font-weight:bold"],"stack":null}
[2026-08-09T22:27:40.711Z] {"timestamp":1786314439005,"level":"LOG","args":["[vite] server connection lost. Polling for restart..."],"stack":null}
[2026-08-09T22:27:44.608Z] {"timestamp":1786314461386,"level":"DEBUG","args":["[Manus] Debug collector initialized (no rrweb, UI events only)"],"stack":null}
[2026-08-09T22:27:44.608Z] {"timestamp":1786314462317,"level":"DEBUG","args":["[vite] connected."],"stack":null}
[2026-08-09T22:27:44.608Z] {"timestamp":1786314463807,"level":"INFO","args":["%cDownload the React DevTools for a better development experience: https://react.dev/link/react-devtools","font-weight:bold"],"stack":null}
[2026-08-09T22:45:42.457Z] {"timestamp":1786315540430,"level":"DEBUG","args":["[Manus] Debug collector initialized (no rrweb, UI events only)"],"stack":null}
[2026-08-09T22:45:42.457Z] {"timestamp":1786315540453,"level":"DEBUG","args":["[vite] connected."],"stack":null}
[2026-08-09T22:45:42.457Z] {"timestamp":1786315541014,"level":"INFO","args":["%cDownload the React DevTools for a better development experience: https://react.dev/link/react-devtools","font-weight:bold"],"stack":null}
[2026-09-23T18:10:04.503Z] {"timestamp":1790187001120,"level":"DEBUG","args":["[Manus] Debug collector initialized (no rrweb, UI events only)"],"stack":null}
[2026-09-23T18:10:04.503Z] {"timestamp":1790187001133,"level":"DEBUG","args":["[vite] connected."],"stack":null}
[2026-09-23T18:10:08.588Z] {"timestamp":1790187007784,"level":"INFO","args":["%cDownload the React DevTools for a better development experience: https://react.dev/link/react-devtools","font-weight:bold"],"stack":null}
[2026-09-23T18:10:08.588Z] {"timestamp":1790187007813,"level":"WARN","args":["Supabase non configuré : VITE_SUPABASE_URL et VITE_SUPABASE_ANON_KEY sont requis."],"stack":null}
[2026-09-23T18:15:17.122Z] {"timestamp":1790187316471,"level":"DEBUG","args":["[vite]","hot updated: /src/index.css"],"stack":null}
[2026-09-23T18:15:17.122Z] {"timestamp":1790187316479,"level":"DEBUG","args":["[vite]","hot updated: /src/components/BlockAlert.tsx"],"stack":null}
[2026-09-23T18:16:46.453Z] {"timestamp":1790187404937,"level":"DEBUG","args":["[vite]","hot updated: /src/index.css"],"stack":null}
[2026-09-23T18:16:46.453Z] {"timestamp":1790187404939,"level":"DEBUG","args":["[vite]","hot updated: /src/components/BlockAlert.tsx"],"stack":null}
[2026-09-24T09:18:32.052Z] {"timestamp":1790241509801,"level":"DEBUG","args":["[Manus] Debug collector initialized (no rrweb, UI events only)"],"stack":null}
[2026-09-24T09:18:32.052Z] {"timestamp":1790241509826,"level":"DEBUG","args":["[vite] connected."],"stack":null}
[2026-09-24T09:18:49.811Z] {"timestamp":1790241528200,"level":"INFO","args":["%cDownload the React DevTools for a better development experience: https://react.dev/link/react-devtools","font-weight:bold"],"stack":null}
[2026-09-24T09:18:49.811Z] {"timestamp":1790241528234,"level":"WARN","args":["Supabase non configuré : VITE_SUPABASE_URL et VITE_SUPABASE_ANON_KEY sont requis."],"stack":null}
[2026-09-24T09:25:31.820Z] {"timestamp":1790241931381,"level":"DEBUG","args":["[vite]","hot updated: /src/index.css"],"stack":null}
[2026-09-24T09:25:31.820Z] {"timestamp":1790241931389,"level":"DEBUG","args":["[vite]","hot updated: /src/components/BlockAlert.tsx"],"stack":null}
[2026-09-24T09:25:31.820Z] {"timestamp":1790241931453,"level":"DEBUG","args":["[vite]","hot updated: /src/index.css"],"stack":null}
[2026-09-24T09:25:31.820Z] {"timestamp":1790241931502,"level":"DEBUG","args":["[vite]","hot updated: /src/components/BlockAlert.tsx"],"stack":null}
[2026-09-24T09:25:37.012Z] {"timestamp":1790241934994,"level":"DEBUG","args":["[Manus] Debug collector initialized (no rrweb, UI events only)"],"stack":null}
[2026-09-24T09:25:37.012Z] {"timestamp":1790241935019,"level":"DEBUG","args":["[vite] connected."],"stack":null}
[2026-09-24T09:25:37.012Z] {"timestamp":1790241935952,"level":"INFO","args":["%cDownload the React DevTools for a better development experience: https://react.dev/link/react-devtools","font-weight:bold"],"stack":null}
[2026-09-24T09:25:37.012Z] {"timestamp":1790241935990,"level":"WARN","args":["Supabase non configuré : VITE_SUPABASE_URL et VITE_SUPABASE_ANON_KEY sont requis."],"stack":null}
[2026-09-24T09:28:25.076Z] {"timestamp":1790242104838,"level":"DEBUG","args":["[vite]","hot updated: /src/index.css"],"stack":null}
[2026-09-24T09:28:25.076Z] {"timestamp":1790242104841,"level":"DEBUG","args":["[vite]","hot updated: /src/components/BlockAlert.tsx"],"stack":null}
[2026-09-24T11:40:57.312Z] {"timestamp":1790242158514,"level":"LOG","args":["[vite] server connection lost. Polling for restart..."],"stack":null}
[2026-09-24T11:41:15.998Z] {"timestamp":1790250059782,"level":"DEBUG","args":["[Manus] Debug collector initialized (no rrweb, UI events only)"],"stack":null}
[2026-09-24T11:41:15.998Z] {"timestamp":1790250059896,"level":"INFO","args":["%cDownload the React DevTools for a better development experience: https://react.dev/link/react-devtools","font-weight:bold"],"stack":null}
[2026-09-24T11:41:15.998Z] {"timestamp":1790250059932,"level":"WARN","args":["Supabase non configuré : VITE_SUPABASE_URL et VITE_SUPABASE_ANON_KEY sont requis."],"stack":null}
[2026-09-24T18:39:30.117Z] {"timestamp":1790275163462,"level":"DEBUG","args":["[vite]","hot updated: /src/index.css"],"stack":null}
[2026-09-24T18:39:30.117Z] {"timestamp":1790275163490,"level":"DEBUG","args":["[vite]","hot updated: /src/components/BlockAlert.tsx"],"stack":null}
[2026-10-01T09:55:05.336Z] {"timestamp":1790848499430,"level":"DEBUG","args":["[Manus] Debug collector initialized (no rrweb, UI events only)"],"stack":null}
[2026-10-01T09:55:05.336Z] {"timestamp":1790848499444,"level":"DEBUG","args":["[vite] connected."],"stack":null}
[2026-10-01T09:55:53.681Z] {"timestamp":1790848551201,"level":"INFO","args":["%cDownload the React DevTools for a better development experience: https://react.dev/link/react-devtools","font-weight:bold"],"stack":null}
[2026-10-01T09:55:53.681Z] {"timestamp":1790848551234,"level":"WARN","args":["Supabase non configuré : VITE_SUPABASE_URL et VITE_SUPABASE_ANON_KEY sont requis."],"stack":null}
[2026-10-01T09:55:56.393Z] {"timestamp":1790848553752,"level":"ERROR","args":["Invalid DOM property `%s`. Did you mean `%s`?","xlink:href","xlinkHref"],"stack":"Error\n    at console.<computed> [as error] (http://localhost:3000/__manus__/debug-collector.js:391:37)\n    at validateProperty (http://localhost:3000/@fs/C:/Users/jmkoi/Downloads/cred/node_modules/.vite/deps/react-dom_client.js?v=9fcf4942:2397:28)\n    at warnUnknownProperties (http://localhost:3000/@fs/C:/Users/jmkoi/Downloads/cred/node_modules/.vite/deps/react-dom_client.js?v=9fcf4942:2541:11)\n    at validatePropertiesInDevelopment (http://localhost:3000/@fs/C:/Users/jmkoi/Downloads/cred/node_modules/.vite/deps/react-dom_client.js?v=9fcf4942:14129:66)\n    at setInitialProperties (http://localhost:3000/@fs/C:/Users/jmkoi/Downloads/cred/node_modules/.vite/deps/react-dom_client.js?v=9fcf4942:14554:9)\n    at completeWork (http://localhost:3000/@fs/C:/Users/jmkoi/Downloads/cred/node_modules/.vite/deps/react-dom_client.js?v=9fcf4942:9077:28)\n    at runWithFiberInDEV (http://localhost:3000/@fs/C:/Users/jmkoi/Downloads/cred/node_modules/.vite/deps/react-dom_client.js?v=9fcf4942:997:72)\n    at completeUnitOfWork (http://localhost:3000/@fs/C:/Users/jmkoi/Downloads/cred/node_modules/.vite/deps/react-dom_client.js?v=9fcf4942:12669:22)\n    at performUnitOfWork (http://localhost:3000/@fs/C:/Users/jmkoi/Downloads/cred/node_modules/.vite/deps/react-dom_client.js?v=9fcf4942:12575:29)\n    at workLoopSync (http://localhost:3000/@fs/C:/Users/jmkoi/Downloads/cred/node_modules/.vite/deps/react-dom_client.js?v=9fcf4942:12424:43)"}
[2026-10-01T09:55:56.393Z] {"timestamp":1790848553928,"level":"ERROR","args":["Invalid DOM property `%s`. Did you mean `%s`?","fill-rule","fillRule"],"stack":"Error\n    at console.<computed> [as error] (http://localhost:3000/__manus__/debug-collector.js:391:37)\n    at validateProperty (http://localhost:3000/@fs/C:/Users/jmkoi/Downloads/cred/node_modules/.vite/deps/react-dom_client.js?v=9fcf4942:2397:28)\n    at warnUnknownProperties (http://localhost:3000/@fs/C:/Users/jmkoi/Downloads/cred/node_modules/.vite/deps/react-dom_client.js?v=9fcf4942:2541:11)\n    at validatePropertiesInDevelopment (http://localhost:3000/@fs/C:/Users/jmkoi/Downloads/cred/node_modules/.vite/deps/react-dom_client.js?v=9fcf4942:14129:66)\n    at setInitialProperties (http://localhost:3000/@fs/C:/Users/jmkoi/Downloads/cred/node_modules/.vite/deps/react-dom_client.js?v=9fcf4942:14554:9)\n    at completeWork (http://localhost:3000/@fs/C:/Users/jmkoi/Downloads/cred/node_modules/.vite/deps/react-dom_client.js?v=9fcf4942:9077:28)\n    at runWithFiberInDEV (http://localhost:3000/@fs/C:/Users/jmkoi/Downloads/cred/node_modules/.vite/deps/react-dom_client.js?v=9fcf4942:997:72)\n    at completeUnitOfWork (http://localhost:3000/@fs/C:/Users/jmkoi/Downloads/cred/node_modules/.vite/deps/react-dom_client.js?v=9fcf4942:12669:22)\n    at performUnitOfWork (http://localhost:3000/@fs/C:/Users/jmkoi/Downloads/cred/node_modules/.vite/deps/react-dom_client.js?v=9fcf4942:12575:29)\n    at workLoopSync (http://localhost:3000/@fs/C:/Users/jmkoi/Downloads/cred/node_modules/.vite/deps/react-dom_client.js?v=9fcf4942:12424:43)"}
[2026-10-01T09:55:56.393Z] {"timestamp":1790848553938,"level":"ERROR","args":["Invalid DOM property `%s`. Did you mean `%s`?","xmlns:xlink","xmlnsXlink"],"stack":"Error\n    at console.<computed> [as error] (http://localhost:3000/__manus__/debug-collector.js:391:37)\n    at validateProperty (http://localhost:3000/@fs/C:/Users/jmkoi/Downloads/cred/node_modules/.vite/deps/react-dom_client.js?v=9fcf4942:2397:28)\n    at warnUnknownProperties (http://localhost:3000/@fs/C:/Users/jmkoi/Downloads/cred/node_modules/.vite/deps/react-dom_client.js?v=9fcf4942:2541:11)\n    at validatePropertiesInDevelopment (http://localhost:3000/@fs/C:/Users/jmkoi/Downloads/cred/node_modules/.vite/deps/react-dom_client.js?v=9fcf4942:14129:66)\n    at setInitialProperties (http://localhost:3000/@fs/C:/Users/jmkoi/Downloads/cred/node_modules/.vite/deps/react-dom_client.js?v=9fcf4942:14554:9)\n    at completeWork (http://localhost:3000/@fs/C:/Users/jmkoi/Downloads/cred/node_modules/.vite/deps/react-dom_client.js?v=9fcf4942:9077:28)\n    at runWithFiberInDEV (http://localhost:3000/@fs/C:/Users/jmkoi/Downloads/cred/node_modules/.vite/deps/react-dom_client.js?v=9fcf4942:997:72)\n    at completeUnitOfWork (http://localhost:3000/@fs/C:/Users/jmkoi/Downloads/cred/node_modules/.vite/deps/react-dom_client.js?v=9fcf4942:12669:22)\n    at performUnitOfWork (http://localhost:3000/@fs/C:/Users/jmkoi/Downloads/cred/node_modules/.vite/deps/react-dom_client.js?v=9fcf4942:12575:29)\n    at workLoopSync (http://localhost:3000/@fs/C:/Users/jmkoi/Downloads/cred/node_modules/.vite/deps/react-dom_client.js?v=9fcf4942:12424:43)"}
[2026-10-01T09:55:56.393Z] {"timestamp":1790848553938,"level":"ERROR","args":["Invalid DOM property `%s`. Did you mean `%s`?","stroke-linecap","strokeLinecap"],"stack":"Error\n    at console.<computed> [as error] (http://localhost:3000/__manus__/debug-collector.js:391:37)\n    at validateProperty (http://localhost:3000/@fs/C:/Users/jmkoi/Downloads/cred/node_modules/.vite/deps/react-dom_client.js?v=9fcf4942:2397:28)\n    at warnUnknownProperties (http://localhost:3000/@fs/C:/Users/jmkoi/Downloads/cred/node_modules/.vite/deps/react-dom_client.js?v=9fcf4942:2541:11)\n    at validatePropertiesInDevelopment (http://localhost:3000/@fs/C:/Users/jmkoi/Downloads/cred/node_modules/.vite/deps/react-dom_client.js?v=9fcf4942:14129:66)\n    at setInitialProperties (http://localhost:3000/@fs/C:/Users/jmkoi/Downloads/cred/node_modules/.vite/deps/react-dom_client.js?v=9fcf4942:14554:9)\n    at completeWork (http://localhost:3000/@fs/C:/Users/jmkoi/Downloads/cred/node_modules/.vite/deps/react-dom_client.js?v=9fcf4942:9077:28)\n    at runWithFiberInDEV (http://localhost:3000/@fs/C:/Users/jmkoi/Downloads/cred/node_modules/.vite/deps/react-dom_client.js?v=9fcf4942:997:72)\n    at completeUnitOfWork (http://localhost:3000/@fs/C:/Users/jmkoi/Downloads/cred/node_modules/.vite/deps/react-dom_client.js?v=9fcf4942:12669:22)\n    at performUnitOfWork (http://localhost:3000/@fs/C:/Users/jmkoi/Downloads/cred/node_modules/.vite/deps/react-dom_client.js?v=9fcf4942:12575:29)\n    at workLoopSync (http://localhost:3000/@fs/C:/Users/jmkoi/Downloads/cred/node_modules/.vite/deps/react-dom_client.js?v=9fcf4942:12424:43)"}
[2026-10-01T09:55:56.393Z] {"timestamp":1790848553939,"level":"ERROR","args":["Invalid DOM property `%s`. Did you mean `%s`?","stroke-linejoin","strokeLinejoin"],"stack":"Error\n    at console.<computed> [as error] (http://localhost:3000/__manus__/debug-collector.js:391:37)\n    at validateProperty (http://localhost:3000/@fs/C:/Users/jmkoi/Downloads/cred/node_modules/.vite/deps/react-dom_client.js?v=9fcf4942:2397:28)\n    at warnUnknownProperties (http://localhost:3000/@fs/C:/Users/jmkoi/Downloads/cred/node_modules/.vite/deps/react-dom_client.js?v=9fcf4942:2541:11)\n    at validatePropertiesInDevelopment (http://localhost:3000/@fs/C:/Users/jmkoi/Downloads/cred/node_modules/.vite/deps/react-dom_client.js?v=9fcf4942:14129:66)\n    at setInitialProperties (http://localhost:3000/@fs/C:/Users/jmkoi/Downloads/cred/node_modules/.vite/deps/react-dom_client.js?v=9fcf4942:14554:9)\n    at completeWork (http://localhost:3000/@fs/C:/Users/jmkoi/Downloads/cred/node_modules/.vite/deps/react-dom_client.js?v=9fcf4942:9077:28)\n    at runWithFiberInDEV (http://localhost:3000/@fs/C:/Users/jmkoi/Downloads/cred/node_modules/.vite/deps/react-dom_client.js?v=9fcf4942:997:72)\n    at completeUnitOfWork (http://localhost:3000/@fs/C:/Users/jmkoi/Downloads/cred/node_modules/.vite/deps/react-dom_client.js?v=9fcf4942:12669:22)\n    at performUnitOfWork (http://localhost:3000/@fs/C:/Users/jmkoi/Downloads/cred/node_modules/.vite/deps/react-dom_client.js?v=9fcf4942:12575:29)\n    at workLoopSync (http://localhost:3000/@fs/C:/Users/jmkoi/Downloads/cred/node_modules/.vite/deps/react-dom_client.js?v=9fcf4942:12424:43)"}
[2026-10-01T10:06:27.507Z] {"timestamp":1790849183891,"level":"DEBUG","args":["[vite]","hot updated: /src/index.css"],"stack":null}
[2026-10-01T10:06:27.507Z] {"timestamp":1790849183896,"level":"DEBUG","args":["[vite]","hot updated: /src/pages/Login.tsx"],"stack":null}
[2026-10-01T10:06:27.507Z] {"timestamp":1790849184113,"level":"DEBUG","args":["[vite]","hot updated: /src/index.css"],"stack":null}
[2026-10-01T10:06:27.507Z] {"timestamp":1790849184117,"level":"DEBUG","args":["[vite]","hot updated: /src/pages/Login.tsx"],"stack":null}
[2026-10-01T10:07:33.438Z] {"timestamp":1790849253107,"level":"DEBUG","args":["[vite]","hot updated: /src/index.css"],"stack":null}
[2026-10-01T10:07:33.438Z] {"timestamp":1790849253108,"level":"DEBUG","args":["[vite]","hot updated: /src/pages/Login.tsx"],"stack":null}
[2026-10-01T10:08:46.349Z] {"timestamp":1790849325717,"level":"DEBUG","args":["[vite]","hot updated: /src/index.css"],"stack":null}
[2026-10-01T10:08:46.349Z] {"timestamp":1790849325717,"level":"DEBUG","args":["[vite]","hot updated: /src/pages/Login.tsx"],"stack":null}
[2026-10-01T10:10:04.344Z] {"timestamp":1790849403874,"level":"DEBUG","args":["[vite]","hot updated: /src/index.css"],"stack":null}
[2026-10-01T10:10:04.344Z] {"timestamp":1790849403874,"level":"DEBUG","args":["[vite]","hot updated: /src/pages/Login.tsx"],"stack":null}
[2026-10-01T10:44:27.357Z] {"timestamp":1790851448381,"level":"DEBUG","args":["[vite]","hot updated: /src/index.css"],"stack":null}
[2026-10-01T10:44:27.358Z] {"timestamp":1790851448439,"level":"DEBUG","args":["[vite]","hot updated: /src/App.tsx"],"stack":null}
[2026-10-01T10:44:27.358Z] {"timestamp":1790851448439,"level":"DEBUG","args":["[vite]","hot updated: /src/pages/Settings.tsx"],"stack":null}
[2026-10-01T10:44:27.358Z] {"timestamp":1790851448442,"level":"DEBUG","args":["[vite]","hot updated: /src/pages/Login.tsx"],"stack":null}
[2026-10-01T10:44:27.358Z] {"timestamp":1790851448443,"level":"DEBUG","args":["[vite]","hot updated: /src/pages/Home.tsx"],"stack":null}
[2026-10-01T10:44:27.358Z] {"timestamp":1790851448443,"level":"DEBUG","args":["[vite]","hot updated: /src/pages/Accounts.tsx"],"stack":null}
[2026-10-01T10:44:27.358Z] {"timestamp":1790851448443,"level":"DEBUG","args":["[vite]","hot updated: /src/pages/Payments.tsx"],"stack":null}
[2026-10-01T10:44:27.358Z] {"timestamp":1790851448444,"level":"DEBUG","args":["[vite]","hot updated: /src/components/Header.tsx"],"stack":null}
[2026-10-01T10:44:27.358Z] {"timestamp":1790851448444,"level":"DEBUG","args":["[vite]","hot updated: /src/pages/Cards.tsx"],"stack":null}
[2026-10-01T10:50:27.561Z] {"timestamp":1790851819827,"level":"DEBUG","args":["[vite]","hot updated: /src/index.css"],"stack":null}
[2026-10-01T10:50:27.562Z] {"timestamp":1790851820052,"level":"DEBUG","args":["[vite]","hot updated: /src/App.tsx"],"stack":null}
[2026-10-01T10:50:27.562Z] {"timestamp":1790851820053,"level":"DEBUG","args":["[vite]","hot updated: /src/pages/Settings.tsx"],"stack":null}
[2026-10-01T10:50:27.562Z] {"timestamp":1790851820054,"level":"DEBUG","args":["[vite]","hot updated: /src/pages/Login.tsx"],"stack":null}
[2026-10-01T10:50:27.562Z] {"timestamp":1790851820058,"level":"DEBUG","args":["[vite]","hot updated: /src/pages/Home.tsx"],"stack":null}
[2026-10-01T10:50:27.562Z] {"timestamp":1790851820058,"level":"DEBUG","args":["[vite]","hot updated: /src/pages/Accounts.tsx"],"stack":null}
[2026-10-01T10:50:27.562Z] {"timestamp":1790851820059,"level":"DEBUG","args":["[vite]","hot updated: /src/pages/Payments.tsx"],"stack":null}
[2026-10-01T10:50:27.562Z] {"timestamp":1790851820059,"level":"DEBUG","args":["[vite]","hot updated: /src/components/Header.tsx"],"stack":null}
[2026-10-01T10:50:27.562Z] {"timestamp":1790851820061,"level":"DEBUG","args":["[vite]","hot updated: /src/pages/Cards.tsx"],"stack":null}
[2026-10-01T10:50:27.562Z] {"timestamp":1790851823925,"level":"DEBUG","args":["[vite]","hot updated: /src/index.css"],"stack":null}
[2026-10-01T10:50:27.562Z] {"timestamp":1790851823925,"level":"DEBUG","args":["[vite]","hot updated: /src/App.tsx"],"stack":null}
[2026-10-01T10:50:27.562Z] {"timestamp":1790851823926,"level":"DEBUG","args":["[vite]","hot updated: /src/pages/Settings.tsx"],"stack":null}
[2026-10-01T10:50:27.562Z] {"timestamp":1790851823926,"level":"DEBUG","args":["[vite]","hot updated: /src/pages/Login.tsx"],"stack":null}
[2026-10-01T10:50:27.562Z] {"timestamp":1790851823927,"level":"DEBUG","args":["[vite]","hot updated: /src/pages/Home.tsx"],"stack":null}
[2026-10-01T10:50:27.562Z] {"timestamp":1790851823927,"level":"DEBUG","args":["[vite]","hot updated: /src/pages/Accounts.tsx"],"stack":null}
[2026-10-01T10:50:27.562Z] {"timestamp":1790851823927,"level":"DEBUG","args":["[vite]","hot updated: /src/pages/Payments.tsx"],"stack":null}
[2026-10-01T10:50:27.562Z] {"timestamp":1790851823928,"level":"DEBUG","args":["[vite]","hot updated: /src/components/Header.tsx"],"stack":null}
[2026-10-01T10:50:27.562Z] {"timestamp":1790851823928,"level":"DEBUG","args":["[vite]","hot updated: /src/pages/Cards.tsx"],"stack":null}
[2026-10-01T10:57:27.358Z] {"timestamp":1790852193308,"level":"DEBUG","args":["[vite]","hot updated: /src/index.css"],"stack":null}
[2026-10-01T10:57:27.358Z] {"timestamp":1790852193311,"level":"DEBUG","args":["[vite]","hot updated: /src/App.tsx"],"stack":null}
[2026-10-01T10:57:27.358Z] {"timestamp":1790852193312,"level":"DEBUG","args":["[vite]","hot updated: /src/pages/Settings.tsx"],"stack":null}
[2026-10-01T10:57:27.358Z] {"timestamp":1790852193313,"level":"DEBUG","args":["[vite]","hot updated: /src/pages/Login.tsx"],"stack":null}
[2026-10-01T10:57:27.358Z] {"timestamp":1790852193315,"level":"DEBUG","args":["[vite]","hot updated: /src/pages/Home.tsx"],"stack":null}
[2026-10-01T10:57:27.358Z] {"timestamp":1790852193316,"level":"DEBUG","args":["[vite]","hot updated: /src/pages/Accounts.tsx"],"stack":null}
[2026-10-01T10:57:27.358Z] {"timestamp":1790852193316,"level":"DEBUG","args":["[vite]","hot updated: /src/pages/Payments.tsx"],"stack":null}
[2026-10-01T10:57:27.358Z] {"timestamp":1790852193317,"level":"DEBUG","args":["[vite]","hot updated: /src/components/Header.tsx"],"stack":null}
[2026-10-01T10:57:27.358Z] {"timestamp":1790852193317,"level":"DEBUG","args":["[vite]","hot updated: /src/pages/Cards.tsx"],"stack":null}
[2026-10-01T10:58:27.358Z] {"timestamp":1790852287631,"level":"DEBUG","args":["[vite]","hot updated: /src/index.css"],"stack":null}
[2026-10-01T10:58:27.358Z] {"timestamp":1790852287632,"level":"DEBUG","args":["[vite]","hot updated: /src/components/BlockAlert.tsx"],"stack":null}
[2026-10-01T10:59:27.350Z] {"timestamp":1790852344985,"level":"DEBUG","args":["[vite]","hot updated: /src/index.css"],"stack":null}
[2026-10-01T10:59:27.350Z] {"timestamp":1790852344987,"level":"DEBUG","args":["[vite]","hot updated: /src/components/BlockAlert.tsx"],"stack":null}
[2026-10-01T11:04:27.347Z] {"timestamp":1790852618689,"level":"DEBUG","args":["[vite]","hot updated: /src/index.css"],"stack":null}
[2026-10-01T11:04:27.347Z] {"timestamp":1790852618694,"level":"DEBUG","args":["[vite]","hot updated: /src/App.tsx"],"stack":null}
[2026-10-01T11:04:27.347Z] {"timestamp":1790852618695,"level":"DEBUG","args":["[vite]","hot updated: /src/pages/Settings.tsx"],"stack":null}
[2026-10-01T11:04:27.347Z] {"timestamp":1790852618696,"level":"DEBUG","args":["[vite]","hot updated: /src/pages/Login.tsx"],"stack":null}
[2026-10-01T11:04:27.347Z] {"timestamp":1790852618696,"level":"DEBUG","args":["[vite]","hot updated: /src/pages/Home.tsx"],"stack":null}
[2026-10-01T11:04:27.347Z] {"timestamp":1790852618696,"level":"DEBUG","args":["[vite]","hot updated: /src/pages/Accounts.tsx"],"stack":null}
[2026-10-01T11:04:27.347Z] {"timestamp":1790852618697,"level":"DEBUG","args":["[vite]","hot updated: /src/pages/Payments.tsx"],"stack":null}
[2026-10-01T11:04:27.347Z] {"timestamp":1790852618697,"level":"DEBUG","args":["[vite]","hot updated: /src/components/Header.tsx"],"stack":null}
[2026-10-01T11:04:27.347Z] {"timestamp":1790852618697,"level":"DEBUG","args":["[vite]","hot updated: /src/pages/Cards.tsx"],"stack":null}
[2026-10-01T11:07:27.345Z] {"timestamp":1790852832408,"level":"DEBUG","args":["[vite]","hot updated: /src/index.css"],"stack":null}
[2026-10-01T11:07:27.345Z] {"timestamp":1790852832464,"level":"DEBUG","args":["[vite]","hot updated: /src/App.tsx"],"stack":null}
[2026-10-01T11:07:27.345Z] {"timestamp":1790852832469,"level":"DEBUG","args":["[vite]","hot updated: /src/pages/Settings.tsx"],"stack":null}
[2026-10-01T11:07:27.345Z] {"timestamp":1790852832470,"level":"DEBUG","args":["[vite]","hot updated: /src/pages/Login.tsx"],"stack":null}
[2026-10-01T11:07:27.345Z] {"timestamp":1790852832472,"level":"DEBUG","args":["[vite]","hot updated: /src/pages/Home.tsx"],"stack":null}
[2026-10-01T11:07:27.345Z] {"timestamp":1790852832473,"level":"DEBUG","args":["[vite]","hot updated: /src/pages/Accounts.tsx"],"stack":null}
[2026-10-01T11:07:27.345Z] {"timestamp":1790852832473,"level":"DEBUG","args":["[vite]","hot updated: /src/pages/Payments.tsx"],"stack":null}
[2026-10-01T11:07:27.345Z] {"timestamp":1790852832480,"level":"DEBUG","args":["[vite]","hot updated: /src/components/Header.tsx"],"stack":null}
[2026-10-01T11:07:27.345Z] {"timestamp":1790852832481,"level":"DEBUG","args":["[vite]","hot updated: /src/pages/Cards.tsx"],"stack":null}
[2026-10-01T11:08:29.275Z] {"timestamp":1790852872577,"level":"DEBUG","args":["[vite]","hot updated: /src/index.css"],"stack":null}
[2026-10-01T11:08:29.275Z] {"timestamp":1790852872579,"level":"DEBUG","args":["[vite]","hot updated: /src/App.tsx"],"stack":null}
[2026-10-01T11:08:29.275Z] {"timestamp":1790852872579,"level":"DEBUG","args":["[vite]","hot updated: /src/pages/Settings.tsx"],"stack":null}
[2026-10-01T11:08:29.275Z] {"timestamp":1790852872579,"level":"DEBUG","args":["[vite]","hot updated: /src/pages/Login.tsx"],"stack":null}
[2026-10-01T11:08:29.275Z] {"timestamp":1790852872580,"level":"DEBUG","args":["[vite]","hot updated: /src/pages/Home.tsx"],"stack":null}
[2026-10-01T11:08:29.275Z] {"timestamp":1790852872580,"level":"DEBUG","args":["[vite]","hot updated: /src/pages/Accounts.tsx"],"stack":null}
[2026-10-01T11:08:29.275Z] {"timestamp":1790852872580,"level":"DEBUG","args":["[vite]","hot updated: /src/pages/Payments.tsx"],"stack":null}
[2026-10-01T11:08:29.275Z] {"timestamp":1790852872580,"level":"DEBUG","args":["[vite]","hot updated: /src/components/Header.tsx"],"stack":null}
[2026-10-01T11:08:29.275Z] {"timestamp":1790852872581,"level":"DEBUG","args":["[vite]","hot updated: /src/pages/Cards.tsx"],"stack":null}
[2026-10-01T11:09:27.358Z] {"timestamp":1790852917171,"level":"DEBUG","args":["[vite]","hot updated: /src/index.css"],"stack":null}
[2026-10-01T11:09:27.358Z] {"timestamp":1790852917177,"level":"DEBUG","args":["[vite]","hot updated: /src/App.tsx"],"stack":null}
[2026-10-01T11:09:27.358Z] {"timestamp":1790852917178,"level":"DEBUG","args":["[vite]","hot updated: /src/pages/Settings.tsx"],"stack":null}
[2026-10-01T11:09:27.358Z] {"timestamp":1790852917178,"level":"DEBUG","args":["[vite]","hot updated: /src/pages/Login.tsx"],"stack":null}
[2026-10-01T11:09:27.358Z] {"timestamp":1790852917186,"level":"DEBUG","args":["[vite]","hot updated: /src/pages/Home.tsx"],"stack":null}
[2026-10-01T11:09:27.358Z] {"timestamp":1790852917187,"level":"DEBUG","args":["[vite]","hot updated: /src/pages/Accounts.tsx"],"stack":null}
[2026-10-01T11:09:27.358Z] {"timestamp":1790852917188,"level":"DEBUG","args":["[vite]","hot updated: /src/pages/Payments.tsx"],"stack":null}
[2026-10-01T11:09:27.358Z] {"timestamp":1790852917199,"level":"DEBUG","args":["[vite]","hot updated: /src/components/Header.tsx"],"stack":null}
[2026-10-01T11:09:27.358Z] {"timestamp":1790852917200,"level":"DEBUG","args":["[vite]","hot updated: /src/pages/Cards.tsx"],"stack":null}
